
[1m[46m RUN [49m[22m [36mv3.2.4 [39m[90mX:/wod-wiki[39m

 [31mΓ¥»[39m src/runtime/behaviors/__tests__/integration/loop-block.test.ts [2m([22m[2m14 tests[22m[2m | [22m[31m2 failed[39m[2m)[22m[32m 20[2mms[22m[39m
   [32mΓ£ô[39m Loop Block Integration[2m > [22mRound Tracking[2m > [22mshould initialize at round 1[32m 3[2mms[22m[39m
   [32mΓ£ô[39m Loop Block Integration[2m > [22mRound Tracking[2m > [22mshould advance round on next()[32m 1[2mms[22m[39m
   [32mΓ£ô[39m Loop Block Integration[2m > [22mRound Tracking[2m > [22mshould mark complete when rounds exceed total[32m 0[2mms[22m[39m
   [32mΓ£ô[39m Loop Block Integration[2m > [22mRound Tracking[2m > [22mshould not complete for unbounded rounds[32m 1[2mms[22m[39m
   [32mΓ£ô[39m Loop Block Integration[2m > [22mRound Tracking[2m > [22mshould update roundDisplay on each advance[32m 0[2mms[22m[39m
[31m   [31m├ù[31m Loop Block Integration[2m > [22mOutput Emission[2m > [22mshould emit round:advance event on advance[39m[32m 8[2mms[22m[39m
[31m     ΓåÆ expected undefined to be 2 // Object.is equality[39m
   [32mΓ£ô[39m Loop Block Integration[2m > [22mOutput Emission[2m > [22mshould emit milestone output on round advance[32m 1[2mms[22m[39m
   [32mΓ£ô[39m Loop Block Integration[2m > [22mOutput Emission[2m > [22mshould emit completion output with correct round count[32m 1[2mms[22m[39m
   [32mΓ£ô[39m Loop Block Integration[2m > [22mOutput Emission[2m > [22mshould record history on unmount[32m 1[2mms[22m[39m
   [32mΓ£ô[39m Loop Block Integration[2m > [22mDisplay State[2m > [22mshould initialize display with correct mode[32m 0[2mms[22m[39m
   [32mΓ£ô[39m Loop Block Integration[2m > [22mDisplay State[2m > [22mshould set initial roundDisplay on mount[32m 0[2mms[22m[39m
[31m   [31m├ù[31m Loop Block Integration[2m > [22mDisplay State[2m > [22mshould handle unbounded rounds in display[39m[32m 2[2mms[22m[39m
[31m     ΓåÆ expected 'Round 1' to contain 'Round 2'[39m
   [32mΓ£ô[39m Loop Block Integration[2m > [22mEdge Cases[2m > [22mshould handle start round other than 1[32m 0[2mms[22m[39m
   [32mΓ£ô[39m Loop Block Integration[2m > [22mEdge Cases[2m > [22mshould complete immediately if startRound > totalRounds[32m 0[2mms[22m[39m
node.exe : 
At C:\Program Files\nodejs\npx.ps1:29 char:3
+   & $NODE_EXE $NPX_CLI_JS $args
+   ~~~~~~~~~~~~~~~~~~~~~~~~~~~~~
    + CategoryInfo          : NotSpecified: (:String) [], RemoteExcep 
   tion
    + FullyQualifiedErrorId : NativeCommandError
 
[31mΓÄ»ΓÄ»ΓÄ»ΓÄ»ΓÄ»ΓÄ»ΓÄ»[39m[1m[41m Failed Tests 2 
[49m[22m[31mΓÄ»ΓÄ»ΓÄ»ΓÄ»ΓÄ»ΓÄ»ΓÄ»[39m

[41m[1m FAIL [22m[49m 
src/runtime/behaviors/__tests__/integration/loop-block.test.ts[2m > 
[22mLoop Block Integration[2m > [22mOutput Emission[2m > 
[22mshould emit round:advance event on advance
[31m[1mAssertionError[22m: expected undefined to be 2 // Object.is 
equality[39m

[32m- Expected:[39m 
2

[31m+ Received:[39m 
undefined

[36m [2mΓ¥»[22m src/runtime/behaviors/__tests__/integration/loop-bl
ock.test.ts:[2m130:58[22m[39m
    [90m128| [39m            [35mconst[39m advanceEvents 
[33m=[39m [34mfindEvents[39m(runtime[33m,[39m 
[32m'round:advance'[39m)[33m;[39m
    [90m129| [39m            [34mexpect[39m(advanceEvents[33m.[3
9mlength)[33m.[39m[34mtoBe[39m([34m1[39m)[33m;[39m
    [90m130| [39m            
[34mexpect[39m((advanceEvents[[34m0[39m][33m.[39mdata 
[35mas[39m 
any)[33m.[39mround)[33m.[39m[34mtoBe[39m([34m2[39m)[33m;[39m
    [90m   | [39m                                                   
      [31m^[39m
    [90m131| [39m        })[33m;[39m
    [90m132| [39m

[31m[2mΓÄ»ΓÄ»ΓÄ»ΓÄ»ΓÄ»ΓÄ»ΓÄ»ΓÄ»ΓÄ»ΓÄ»ΓÄ»ΓÄ»ΓÄ»ΓÄ»ΓÄ»ΓÄ»ΓÄ»ΓÄ»ΓÄ»ΓÄ»Γ
Ä»ΓÄ»ΓÄ»ΓÄ»[1/2]ΓÄ»[22m[39m

[41m[1m FAIL [22m[49m 
src/runtime/behaviors/__tests__/integration/loop-block.test.ts[2m > 
[22mLoop Block Integration[2m > [22mDisplay State[2m > 
[22mshould handle unbounded rounds in display
[31m[1mAssertionError[22m: expected 'Round 1' to contain 'Round 
2'[39m

Expected: [32m"Round [7m2[27m"[39m
Received: [31m"Round [7m1[27m"[39m

[36m [2mΓ¥»[22m src/runtime/behaviors/__tests__/integration/loop-bl
ock.test.ts:[2m209:42[22m[39m
    [90m207| [39m
    [90m208| [39m            const display = 
block.memory.get('display') as DisplayStatΓÇª
    [90m209| [39m            [34mexpect[39m(display[33m.[39mroun
dDisplay)[33m.[39m[34mtoContain[39m([32m'Round 
2'[39m)[33m;[39m
    [90m   | [39m                                         
[31m^[39m
    [90m210| [39m        })[33m;[39m
    [90m211| [39m    })[33m;[39m

[31m[2mΓÄ»ΓÄ»ΓÄ»ΓÄ»ΓÄ»ΓÄ»ΓÄ»ΓÄ»ΓÄ»ΓÄ»ΓÄ»ΓÄ»ΓÄ»ΓÄ»ΓÄ»ΓÄ»ΓÄ»ΓÄ»ΓÄ»ΓÄ»Γ
Ä»ΓÄ»ΓÄ»ΓÄ»[2/2]ΓÄ»[22m[39m


[2m Test Files [22m [1m[31m1 failed[39m[22m[90m (1)[39m
[2m      Tests [22m [1m[31m2 failed[39m[22m[2m | [22m[1m[32m12 passed[39m[22m[90m (14)[39m
[2m   Start at [22m 18:37:25
[2m   Duration [22m 1.09s[2m (transform 112ms, setup 0ms, collect 166ms, tests 20ms, environment 0ms, prepare 148ms)[22m

